{"logTime": "0913/045323", "correlationVector":"GsEonHX3TLnhOq1dGuA7B9.1","action":"SyncServerConnectionManagerRequest", "result":"SYNC_SERVER_OK", "context":{"environment":"Prod_southeastasia_prod-s01-064-apac-southeastasia", "migrationStage":"NotStarted", "server":"akswtt00300000m"}}
{"logTime": "0913/045323", "correlationVector":"GsEonHX3TLnhOq1dGuA7B9.2","action":"ProcessGetUpdates", "result":"Done", "context":{"dataType":"Encryption Keys", "deleted":"0", "process_failed_to_decrypt":"0", "process_pending_decryption":"0", "process_success":"1", "total":"1"}}
{"logTime": "0913/045325", "correlationVector":"+XhjYDDIVjpVdI4THOGSoS","action":"SyncServerConnectionManagerRequest", "result":"SYNC_SERVER_OK", "context":{"environment":"", "migrationStage":"", "server":""}}
{"logTime": "0913/045325", "correlationVector":"+XhjYDDIVjpVdI4THOGSoS.0","action":"EncryptionKeysFetcher.DownloadKeys:", "result":"Success", "context":Key count: 6, Last key timestamp: 2026-04-07T18:57:38Z}
{"logTime": "0913/045325", "correlationVector":"+XhjYDDIVjpVdI4THOGSoS.1","action":"EncryptionKeysManager::SetEncryptionKeys:", "result":"Success", "context":Key names[6]:[tMW9bPpBDTdbyykI/I5tlOKYiB+zi8FT6LXnzPu/eHrWW3jDBn+njtxscGnhdja19L+kJW/PNRalQCUIGo0xKw==][rLNsFGSaV4UDavl2IHJnAtP/wTVoyvsYGwpbPcLagDo+73XWlpTasYXiTesZ2mCt/BnSySO6P9kIK9nKJ6Z9fw==][d8VJG1EhznGVLRUqoTteyBx63PM43gG1F7NU8q6vmgP4GedxBifmAd9QWnawtep+L8ntnYUzwdqn/9LIYOi79g==][jHgrRLOLecpqKq/E13glLR6is2yv4f5ddgaQh7Cp4fnbznPvmpbIo4iwttkFCqlMEnISYJIjRcvgXWqCtIjXhQ==][JEqUNgr2kZ+H3ERxN48om9c6X6IAw0EkQk1z1J3gMsx9gMz99ubK6ilYSCVLCAMPpx+8S1upkjGPIjS1euz8Pw==][93nCs/UhLeM8rdxxnh1vHzHd78ndCbphQv+rVn1VsGAUcHrLuLVAII42pSTneaVPysbTzKg07jBSrCcO2P6csA==]}
{"logTime": "0913/045325", "correlationVector":"+XhjYDDIVjpVdI4THOGSoS.2","action":"EncryptionKeysManager::SetEncryptionKeysWithTimestamps:", "result":"Success", "context":Key timestamps[6]:[2024-05-21T02:57:54Z][2024-11-17T05:47:52Z][2025-01-18T07:36:45Z][2025-05-05T14:42:48Z][2025-10-08T05:59:35Z][2026-04-07T18:57:38Z]}
{"logTime": "0913/045325", "correlationVector":"GsEonHX3TLnhOq1dGuA7B9","action":"Initial GetUpdates", "result":"", "context":Reason: NEW_CLIENT. cV=GsEonHX3TLnhOq1dGuA7B9}
{"logTime": "0913/045325", "correlationVector":"GsEonHX3TLnhOq1dGuA7B9.3","action":"GetUpdates Response", "result":"Success", "context":Received 1 update(s). cV=GsEonHX3TLnhOq1dGuA7B9.0;server=akswtt00300000m;cloudType=Consumer;environment=Prod_southeastasia_prod-s01-064-apac-southeastasia;migrationStage=NotStarted}
{"logTime": "0913/045325", "correlationVector":"kDkTRSiaqeBGm330AadSIY","action":"Initial GetUpdates", "result":"", "context":Reason: NEWLY_SUPPORTED_DATATYPE. cV=kDkTRSiaqeBGm330AadSIY}
{"logTime": "0913/045326", "correlationVector":"kDkTRSiaqeBGm330AadSIY.1","action":"SyncServerConnectionManagerRequest", "result":"SYNC_SERVER_OK", "context":{"environment":"Prod_southeastasia_prod-s01-064-apac-southeastasia", "migrationStage":"NotStarted", "server":"akswtt003000031"}}
{"logTime": "0913/045326", "correlationVector":"kDkTRSiaqeBGm330AadSIY.2","action":"ProcessGetUpdates", "result":"Done", "context":{"dataType":"Passwords", "deleted":"1", "process_failed_to_decrypt":"0", "process_pending_decryption":"0", "process_success":"78", "total":"78"}}
{"logTime": "0913/045326", "correlationVector":"kDkTRSiaqeBGm330AadSIY.3","action":"ProcessGetUpdates", "result":"Done", "context":{"dataType":"Device Info", "deleted":"0", "process_failed_to_decrypt":"0", "process_pending_decryption":"0", "process_success":"7", "total":"7"}}
{"logTime": "0913/045326", "correlationVector":"kDkTRSiaqeBGm330AadSIY.4","action":"GetUpdates Response", "result":"Success", "context":Received 85 update(s). cV=kDkTRSiaqeBGm330AadSIY.0;server=akswtt003000031;cloudType=Consumer;environment=Prod_southeastasia_prod-s01-064-apac-southeastasia;migrationStage=NotStarted}
{"logTime": "0913/045326", "correlationVector":"90K843+Z0PfVRJxnQfbocO","action":"Initial GetUpdates", "result":"", "context":Reason: NEWLY_SUPPORTED_DATATYPE. cV=90K843+Z0PfVRJxnQfbocO}
{"logTime": "0913/045328", "correlationVector":"90K843+Z0PfVRJxnQfbocO.1","action":"SyncServerConnectionManagerRequest", "result":"SYNC_SERVER_OK", "context":{"environment":"Prod_southeastasia_prod-s01-064-apac-southeastasia", "migrationStage":"NotStarted", "server":"akswtt00300002t"}}
{"logTime": "0913/045328", "correlationVector":"90K843+Z0PfVRJxnQfbocO.2","action":"ProcessGetUpdates", "result":"Done", "context":{"dataType":"Bookmarks", "deleted":"0", "process_failed_to_decrypt":"0", "process_pending_decryption":"0", "process_success":"9", "total":"9"}}
{"logTime": "0913/045328", "correlationVector":"90K843+Z0PfVRJxnQfbocO.3","action":"ProcessGetUpdates", "result":"Done", "context":{"dataType":"Preferences", "deleted":"0", "process_failed_to_decrypt":"0", "process_pending_decryption":"0", "process_success":"64", "total":"64"}}
{"logTime": "0913/045328", "correlationVector":"90K843+Z0PfVRJxnQfbocO.4","action":"ProcessGetUpdates", "result":"Done", "context":{"dataType":"Autofill Profiles", "deleted":"0", "process_failed_to_decrypt":"0", "process_pending_decryption":"0", "process_success":"7", "total":"7"}}
{"logTime": "0913/045328", "correlationVector":"90K843+Z0PfVRJxnQfbocO.5","action":"ProcessGetUpdates", "result":"Done", "context":{"dataType":"Autofill", "deleted":"0", "process_failed_to_decrypt":"0", "process_pending_decryption":"0", "process_success":"167", "total":"167"}}
{"logTime": "0913/045328", "correlationVector":"90K843+Z0PfVRJxnQfbocO.6","action":"ProcessGetUpdates", "result":"Done", "context":{"dataType":"Saved Tab Group", "deleted":"3", "process_failed_to_decrypt":"0", "process_pending_decryption":"0", "process_success":"3", "total":"3"}}
{"logTime": "0913/045328", "correlationVector":"90K843+Z0PfVRJxnQfbocO.7","action":"GetUpdates Response", "result":"Success", "context":Received 250 update(s). cV=90K843+Z0PfVRJxnQfbocO.0;server=akswtt00300002t;cloudType=Consumer;environment=Prod_southeastasia_prod-s01-064-apac-southeastasia;migrationStage=NotStarted Some updates remain.}
{"logTime": "0913/045328", "correlationVector":"MQFzv8SVviqPunXswm/T+B","action":"Initial GetUpdates", "result":"", "context":Reason: NEWLY_SUPPORTED_DATATYPE. cV=MQFzv8SVviqPunXswm/T+B}
{"logTime": "0913/045329", "correlationVector":"MQFzv8SVviqPunXswm/T+B.1","action":"SyncServerConnectionManagerRequest", "result":"SYNC_SERVER_OK", "context":{"environment":"Prod_southeastasia_prod-s01-064-apac-southeastasia", "migrationStage":"NotStarted", "server":"akswtt00300004x"}}
{"logTime": "0913/045329", "correlationVector":"MQFzv8SVviqPunXswm/T+B.2","action":"ProcessGetUpdates", "result":"Done", "context":{"dataType":"Autofill", "deleted":"0", "process_failed_to_decrypt":"0", "process_pending_decryption":"0", "process_success":"250", "total":"250"}}
{"logTime": "0913/045329", "correlationVector":"MQFzv8SVviqPunXswm/T+B.3","action":"GetUpdates Response", "result":"Success", "context":Received 250 update(s). cV=MQFzv8SVviqPunXswm/T+B.0;server=akswtt00300004x;cloudType=Consumer;environment=Prod_southeastasia_prod-s01-064-apac-southeastasia;migrationStage=NotStarted Some updates remain.}
{"logTime": "0913/045329", "correlationVector":"2c0BwmLJ2W8GSVvb+INjDf","action":"Initial GetUpdates", "result":"", "context":Reason: NEWLY_SUPPORTED_DATATYPE. cV=2c0BwmLJ2W8GSVvb+INjDf}
{"logTime": "0913/045331", "correlationVector":"2c0BwmLJ2W8GSVvb+INjDf.1","action":"SyncServerConnectionManagerRequest", "result":"SYNC_SERVER_OK", "context":{"environment":"Prod_southeastasia_prod-s01-064-apac-southeastasia", "migrationStage":"NotStarted", "server":"akswtt003000000"}}
{"logTime": "0913/045331", "correlationVector":"2c0BwmLJ2W8GSVvb+INjDf.2","action":"ProcessGetUpdates", "result":"Done", "context":{"dataType":"Autofill Profiles", "deleted":"0", "process_failed_to_decrypt":"0", "process_pending_decryption":"0", "process_success":"1", "total":"1"}}
{"logTime": "0913/045331", "correlationVector":"2c0BwmLJ2W8GSVvb+INjDf.3","action":"ProcessGetUpdates", "result":"Done", "context":{"dataType":"Autofill", "deleted":"0", "process_failed_to_decrypt":"0", "process_pending_decryption":"0", "process_success":"249", "total":"249"}}
{"logTime": "0913/045331", "correlationVector":"2c0BwmLJ2W8GSVvb+INjDf.4","action":"GetUpdates Response", "result":"Success", "context":Received 250 update(s). cV=2c0BwmLJ2W8GSVvb+INjDf.0;server=akswtt003000000;cloudType=Consumer;environment=Prod_southeastasia_prod-s01-064-apac-southeastasia;migrationStage=NotStarted Some updates remain.}
{"logTime": "0913/045331", "correlationVector":"E4SdaTtNyfC/U2fF/n0ivY","action":"Initial GetUpdates", "result":"", "context":Reason: NEWLY_SUPPORTED_DATATYPE. cV=E4SdaTtNyfC/U2fF/n0ivY}
{"logTime": "0913/045333", "correlationVector":"E4SdaTtNyfC/U2fF/n0ivY.1","action":"SyncServerConnectionManagerRequest", "result":"SYNC_SERVER_OK", "context":{"environment":"Prod_southeastasia_prod-s01-064-apac-southeastasia", "migrationStage":"NotStarted", "server":"akswtt00300000m"}}
{"logTime": "0913/045333", "correlationVector":"E4SdaTtNyfC/U2fF/n0ivY.2","action":"ProcessGetUpdates", "result":"Done", "context":{"dataType":"Bookmarks", "deleted":"0", "process_failed_to_decrypt":"0", "process_pending_decryption":"0", "process_success":"1", "total":"1"}}
{"logTime": "0913/045333", "correlationVector":"E4SdaTtNyfC/U2fF/n0ivY.3","action":"ProcessGetUpdates", "result":"Done", "context":{"dataType":"Preferences", "deleted":"0", "process_failed_to_decrypt":"0", "process_pending_decryption":"0", "process_success":"1", "total":"1"}}
{"logTime": "0913/045333", "correlationVector":"E4SdaTtNyfC/U2fF/n0ivY.4","action":"ProcessGetUpdates", "result":"Done", "context":{"dataType":"Autofill Profiles", "deleted":"0", "process_failed_to_decrypt":"0", "process_pending_decryption":"0", "process_success":"1", "total":"1"}}
{"logTime": "0913/045333", "correlationVector":"E4SdaTtNyfC/U2fF/n0ivY.5","action":"ProcessGetUpdates", "result":"Done", "context":{"dataType":"Autofill", "deleted":"0", "process_failed_to_decrypt":"0", "process_pending_decryption":"0", "process_success":"62", "total":"62"}}
{"logTime": "0913/045333", "correlationVector":"E4SdaTtNyfC/U2fF/n0ivY.6","action":"ProcessGetUpdates", "result":"Done", "context":{"dataType":"Sessions", "deleted":"166", "process_failed_to_decrypt":"0", "process_pending_decryption":"0", "process_success":"166", "total":"166"}}
{"logTime": "0913/045333", "correlationVector":"E4SdaTtNyfC/U2fF/n0ivY.7","action":"ProcessGetUpdates", "result":"Done", "context":{"dataType":"Edge Hub App Usage", "deleted":"10", "process_failed_to_decrypt":"0", "process_pending_decryption":"0", "process_success":"19", "total":"19"}}
{"logTime": "0913/045333", "correlationVector":"E4SdaTtNyfC/U2fF/n0ivY.8","action":"GetUpdates Response", "result":"Success", "context":Received 250 update(s). cV=E4SdaTtNyfC/U2fF/n0ivY.0;server=akswtt00300000m;cloudType=Consumer;environment=Prod_southeastasia_prod-s01-064-apac-southeastasia;migrationStage=NotStarted Some updates remain.}
{"logTime": "0913/045333", "correlationVector":"ZhpGXf0YcnJNfG6j+mY/xM","action":"Initial GetUpdates", "result":"", "context":Reason: NEWLY_SUPPORTED_DATATYPE. cV=ZhpGXf0YcnJNfG6j+mY/xM}
{"logTime": "0913/045334", "correlationVector":"ZhpGXf0YcnJNfG6j+mY/xM.1","action":"SyncServerConnectionManagerRequest", "result":"SYNC_SERVER_OK", "context":{"environment":"Prod_southeastasia_prod-s01-064-apac-southeastasia", "migrationStage":"NotStarted", "server":"akswtt00300004x"}}
{"logTime": "0913/045334", "correlationVector":"ZhpGXf0YcnJNfG6j+mY/xM.2","action":"ProcessGetUpdates", "result":"Done", "context":{"dataType":"Bookmarks", "deleted":"0", "process_failed_to_decrypt":"0", "process_pending_decryption":"0", "process_success":"1", "total":"1"}}
{"logTime": "0913/045334", "correlationVector":"ZhpGXf0YcnJNfG6j+mY/xM.3","action":"ProcessGetUpdates", "result":"Done", "context":{"dataType":"Autofill", "deleted":"0", "process_failed_to_decrypt":"0", "process_pending_decryption":"0", "process_success":"17", "total":"17"}}
{"logTime": "0913/045334", "correlationVector":"ZhpGXf0YcnJNfG6j+mY/xM.4","action":"ProcessGetUpdates", "result":"Done", "context":{"dataType":"Sessions", "deleted":"224", "process_failed_to_decrypt":"0", "process_pending_decryption":"0", "process_success":"224", "total":"224"}}
{"logTime": "0913/045334", "correlationVector":"ZhpGXf0YcnJNfG6j+mY/xM.5","action":"ProcessGetUpdates", "result":"Done", "context":{"dataType":"Edge Hub App Usage", "deleted":"7", "process_failed_to_decrypt":"0", "process_pending_decryption":"0", "process_success":"8", "total":"8"}}
{"logTime": "0913/045334", "correlationVector":"ZhpGXf0YcnJNfG6j+mY/xM.6","action":"GetUpdates Response", "result":"Success", "context":Received 250 update(s). cV=ZhpGXf0YcnJNfG6j+mY/xM.0;server=akswtt00300004x;cloudType=Consumer;environment=Prod_southeastasia_prod-s01-064-apac-southeastasia;migrationStage=NotStarted Some updates remain.}
{"logTime": "0913/045334", "correlationVector":"48uhEi9Pv6vUZqub88EXix","action":"Initial GetUpdates", "result":"", "context":Reason: NEWLY_SUPPORTED_DATATYPE. cV=48uhEi9Pv6vUZqub88EXix}
{"logTime": "0913/045335", "correlationVector":"48uhEi9Pv6vUZqub88EXix.1","action":"SyncServerConnectionManagerRequest", "result":"SYNC_SERVER_OK", "context":{"environment":"Prod_southeastasia_prod-s01-064-apac-southeastasia", "migrationStage":"NotStarted", "server":"akswtt00300002v"}}
{"logTime": "0913/045335", "correlationVector":"48uhEi9Pv6vUZqub88EXix.2","action":"ProcessGetUpdates", "result":"Done", "context":{"dataType":"Preferences", "deleted":"0", "process_failed_to_decrypt":"0", "process_pending_decryption":"0", "process_success":"1", "total":"1"}}
{"logTime": "0913/045335", "correlationVector":"48uhEi9Pv6vUZqub88EXix.3","action":"ProcessGetUpdates", "result":"Done", "context":{"dataType":"Autofill", "deleted":"0", "process_failed_to_decrypt":"0", "process_pending_decryption":"0", "process_success":"17", "total":"17"}}
{"logTime": "0913/045335", "correlationVector":"48uhEi9Pv6vUZqub88EXix.4","action":"ProcessGetUpdates", "result":"Done", "context":{"dataType":"Sessions", "deleted":"228", "process_failed_to_decrypt":"0", "process_pending_decryption":"0", "process_success":"228", "total":"228"}}
{"logTime": "0913/045335", "correlationVector":"48uhEi9Pv6vUZqub88EXix.5","action":"ProcessGetUpdates", "result":"Done", "context":{"dataType":"Edge Hub App Usage", "deleted":"0", "process_failed_to_decrypt":"0", "process_pending_decryption":"0", "process_success":"4", "total":"4"}}
{"logTime": "0913/045335", "correlationVector":"48uhEi9Pv6vUZqub88EXix.6","action":"GetUpdates Response", "result":"Success", "context":Received 250 update(s). cV=48uhEi9Pv6vUZqub88EXix.0;server=akswtt00300002v;cloudType=Consumer;environment=Prod_southeastasia_prod-s01-064-apac-southeastasia;migrationStage=NotStarted Some updates remain.}
{"logTime": "0913/045335", "correlationVector":"XP9BzXr0mF6+tHcbpo45Kh","action":"Initial GetUpdates", "result":"", "context":Reason: NEWLY_SUPPORTED_DATATYPE. cV=XP9BzXr0mF6+tHcbpo45Kh}
{"logTime": "0913/045336", "correlationVector":"XP9BzXr0mF6+tHcbpo45Kh.1","action":"SyncServerConnectionManagerRequest", "result":"SYNC_SERVER_OK", "context":{"environment":"Prod_southeastasia_prod-s01-064-apac-southeastasia", "migrationStage":"NotStarted", "server":"akswtt00300004k"}}
{"logTime": "0913/045336", "correlationVector":"XP9BzXr0mF6+tHcbpo45Kh.2","action":"ProcessGetUpdates", "result":"Done", "context":{"dataType":"Autofill Profiles", "deleted":"1", "process_failed_to_decrypt":"0", "process_pending_decryption":"0", "process_success":"1", "total":"1"}}
{"logTime": "0913/045336", "correlationVector":"XP9BzXr0mF6+tHcbpo45Kh.3","action":"ProcessGetUpdates", "result":"Done", "context":{"dataType":"Autofill", "deleted":"0", "process_failed_to_decrypt":"0", "process_pending_decryption":"0", "process_success":"6", "total":"6"}}
{"logTime": "0913/045336", "correlationVector":"XP9BzXr0mF6+tHcbpo45Kh.4","action":"ProcessGetUpdates", "result":"Done", "context":{"dataType":"Sessions", "deleted":"240", "process_failed_to_decrypt":"0", "process_pending_decryption":"0", "process_success":"240", "total":"240"}}
{"logTime": "0913/045336", "correlationVector":"XP9BzXr0mF6+tHcbpo45Kh.5","action":"ProcessGetUpdates", "result":"Done", "context":{"dataType":"Saved Tab Group", "deleted":"3", "process_failed_to_decrypt":"0", "process_pending_decryption":"0", "process_success":"3", "total":"3"}}
{"logTime": "0913/045336", "correlationVector":"XP9BzXr0mF6+tHcbpo45Kh.6","action":"GetUpdates Response", "result":"Success", "context":Received 250 update(s). cV=XP9BzXr0mF6+tHcbpo45Kh.0;server=akswtt00300004k;cloudType=Consumer;environment=Prod_southeastasia_prod-s01-064-apac-southeastasia;migrationStage=NotStarted Some updates remain.}
{"logTime": "0913/045336", "correlationVector":"swXUpJ2EKl7rnzSjDntWbA","action":"Initial GetUpdates", "result":"", "context":Reason: NEWLY_SUPPORTED_DATATYPE. cV=swXUpJ2EKl7rnzSjDntWbA}
{"logTime": "0913/045336", "correlationVector":"swXUpJ2EKl7rnzSjDntWbA.1","action":"SyncServerConnectionManagerRequest", "result":"SYNC_SERVER_OK", "context":{"environment":"Prod_southeastasia_prod-s01-064-apac-southeastasia", "migrationStage":"NotStarted", "server":"akswtt003000031"}}
{"logTime": "0913/045336", "correlationVector":"swXUpJ2EKl7rnzSjDntWbA.2","action":"ProcessGetUpdates", "result":"Done", "context":{"dataType":"Preferences", "deleted":"0", "process_failed_to_decrypt":"0", "process_pending_decryption":"0", "process_success":"7", "total":"7"}}
{"logTime": "0913/045336", "correlationVector":"swXUpJ2EKl7rnzSjDntWbA.3","action":"ProcessGetUpdates", "result":"Done", "context":{"dataType":"Autofill Profiles", "deleted":"0", "process_failed_to_decrypt":"0", "process_pending_decryption":"0", "process_success":"2", "total":"2"}}
{"logTime": "0913/045336", "correlationVector":"swXUpJ2EKl7rnzSjDntWbA.4","action":"ProcessGetUpdates", "result":"Done", "context":{"dataType":"Autofill", "deleted":"0", "process_failed_to_decrypt":"0", "process_pending_decryption":"0", "process_success":"6", "total":"6"}}
{"logTime": "0913/045336", "correlationVector":"swXUpJ2EKl7rnzSjDntWbA.5","action":"ProcessGetUpdates", "result":"Done", "context":{"dataType":"Sessions", "deleted":"89", "process_failed_to_decrypt":"0", "process_pending_decryption":"0", "process_success":"97", "total":"97"}}
{"logTime": "0913/045336", "correlationVector":"swXUpJ2EKl7rnzSjDntWbA.6","action":"ProcessGetUpdates", "result":"Done", "context":{"dataType":"Edge Hub App Usage", "deleted":"6", "process_failed_to_decrypt":"0", "process_pending_decryption":"0", "process_success":"9", "total":"9"}}
{"logTime": "0913/045336", "correlationVector":"swXUpJ2EKl7rnzSjDntWbA.7","action":"GetUpdates Response", "result":"Success", "context":Received 121 update(s). cV=swXUpJ2EKl7rnzSjDntWbA.0;server=akswtt003000031;cloudType=Consumer;environment=Prod_southeastasia_prod-s01-064-apac-southeastasia;migrationStage=NotStarted}
{"logTime": "0913/045336", "correlationVector":"bdgoLbRsdZpoAmCOpI/zKc","action":"Initial GetUpdates", "result":"", "context":Reason: NEWLY_SUPPORTED_DATATYPE. cV=bdgoLbRsdZpoAmCOpI/zKc}
{"logTime": "0913/045338", "correlationVector":"bdgoLbRsdZpoAmCOpI/zKc.1","action":"SyncServerConnectionManagerRequest", "result":"SYNC_SERVER_OK", "context":{"environment":"Prod_southeastasia_prod-s01-064-apac-southeastasia", "migrationStage":"NotStarted", "server":"akswtt00300002t"}}
{"logTime": "0913/045338", "correlationVector":"bdgoLbRsdZpoAmCOpI/zKc.2","action":"ProcessGetUpdates", "result":"Done", "context":{"dataType":"History", "deleted":"0", "process_failed_to_decrypt":"0", "process_pending_decryption":"0", "process_success":"250", "total":"250"}}
{"logTime": "0913/045338", "correlationVector":"bdgoLbRsdZpoAmCOpI/zKc.3","action":"GetUpdates Response", "result":"Success", "context":Received 250 update(s). cV=bdgoLbRsdZpoAmCOpI/zKc.0;server=akswtt00300002t;cloudType=Consumer;environment=Prod_southeastasia_prod-s01-064-apac-southeastasia;migrationStage=NotStarted Some updates remain.}
{"logTime": "0913/045338", "correlationVector":"ee5swuhnsvXdV5lB5EP6PZ","action":"Initial GetUpdates", "result":"", "context":Reason: NEWLY_SUPPORTED_DATATYPE. cV=ee5swuhnsvXdV5lB5EP6PZ}
{"logTime": "0913/045339", "correlationVector":"ee5swuhnsvXdV5lB5EP6PZ.1","action":"SyncServerConnectionManagerRequest", "result":"SYNC_SERVER_OK", "context":{"environment":"Prod_southeastasia_prod-s01-064-apac-southeastasia", "migrationStage":"NotStarted", "server":"akswtt00300002i"}}
{"logTime": "0913/045339", "correlationVector":"ee5swuhnsvXdV5lB5EP6PZ.2","action":"ProcessGetUpdates", "result":"Done", "context":{"dataType":"History", "deleted":"0", "process_failed_to_decrypt":"0", "process_pending_decryption":"0", "process_success":"250", "total":"250"}}
{"logTime": "0913/045339", "correlationVector":"ee5swuhnsvXdV5lB5EP6PZ.3","action":"GetUpdates Response", "result":"Success", "context":Received 250 update(s). cV=ee5swuhnsvXdV5lB5EP6PZ.0;server=akswtt00300002i;cloudType=Consumer;environment=Prod_southeastasia_prod-s01-064-apac-southeastasia;migrationStage=NotStarted Some updates remain.}
{"logTime": "0913/045339", "correlationVector":"57+oMxhJsTJl9bT4e3Cf0/","action":"Initial GetUpdates", "result":"", "context":Reason: NEWLY_SUPPORTED_DATATYPE. cV=57+oMxhJsTJl9bT4e3Cf0/}
{"logTime": "0913/045340", "correlationVector":"57+oMxhJsTJl9bT4e3Cf0/.1","action":"SyncServerConnectionManagerRequest", "result":"SYNC_SERVER_OK", "context":{"environment":"Prod_southeastasia_prod-s01-064-apac-southeastasia", "migrationStage":"NotStarted", "server":"akswtt003000031"}}
{"logTime": "0913/045340", "correlationVector":"57+oMxhJsTJl9bT4e3Cf0/.2","action":"ProcessGetUpdates", "result":"Done", "context":{"dataType":"History", "deleted":"0", "process_failed_to_decrypt":"0", "process_pending_decryption":"0", "process_success":"250", "total":"250"}}
{"logTime": "0913/045340", "correlationVector":"57+oMxhJsTJl9bT4e3Cf0/.3","action":"GetUpdates Response", "result":"Success", "context":Received 250 update(s). cV=57+oMxhJsTJl9bT4e3Cf0/.0;server=akswtt003000031;cloudType=Consumer;environment=Prod_southeastasia_prod-s01-064-apac-southeastasia;migrationStage=NotStarted Some updates remain.}
{"logTime": "0913/045340", "correlationVector":"UNk7oPu5ZfDGN7UOmo1azA","action":"Initial GetUpdates", "result":"", "context":Reason: NEWLY_SUPPORTED_DATATYPE. cV=UNk7oPu5ZfDGN7UOmo1azA}
{"logTime": "0913/045341", "correlationVector":"UNk7oPu5ZfDGN7UOmo1azA.1","action":"SyncServerConnectionManagerRequest", "result":"SYNC_SERVER_OK", "context":{"environment":"Prod_southeastasia_prod-s01-064-apac-southeastasia", "migrationStage":"NotStarted", "server":"akswtt00300003o"}}
{"logTime": "0913/045341", "correlationVector":"UNk7oPu5ZfDGN7UOmo1azA.2","action":"ProcessGetUpdates", "result":"Done", "context":{"dataType":"History", "deleted":"0", "process_failed_to_decrypt":"0", "process_pending_decryption":"0", "process_success":"226", "total":"226"}}
{"logTime": "0913/045341", "correlationVector":"UNk7oPu5ZfDGN7UOmo1azA.3","action":"GetUpdates Response", "result":"Success", "context":Received 226 update(s). cV=UNk7oPu5ZfDGN7UOmo1azA.0;server=akswtt00300003o;cloudType=Consumer;environment=Prod_southeastasia_prod-s01-064-apac-southeastasia;migrationStage=NotStarted}
{"logTime": "0913/045341", "correlationVector":"kf3toJkLOI12H2RnVV9Gtm","action":"Normal GetUpdate request", "result":"", "context":cV=kf3toJkLOI12H2RnVV9Gtm
Nudged types: Sessions, Device Info, User Consents
Refresh requested types: Bookmarks, Preferences, Passwords, Autofill Profiles, Autofill, Extensions, Sessions, Extension settings, History Delete Directives, Device Info, User Consents, Send Tab To Self, Web Apps, History, Saved Tab Group, WebAuthn Credentials, Edge Hub App Usage, Edge Workspace, Encryption Keys}
{"logTime": "0913/045342", "correlationVector":"kf3toJkLOI12H2RnVV9Gtm.1","action":"SyncServerConnectionManagerRequest", "result":"SYNC_SERVER_OK", "context":{"environment":"Prod_southeastasia_prod-s01-064-apac-southeastasia", "migrationStage":"NotStarted", "server":"akswtt003000001"}}
{"logTime": "0913/045342", "correlationVector":"kf3toJkLOI12H2RnVV9Gtm.2","action":"GetUpdates Response", "result":"Success", "context":Received 0 update(s). cV=kf3toJkLOI12H2RnVV9Gtm.0;server=akswtt003000001;cloudType=Consumer;environment=Prod_southeastasia_prod-s01-064-apac-southeastasia;migrationStage=NotStarted}
{"logTime": "0913/045342", "correlationVector":"TxzvuXOu7l7Ju2gZyCNpXT","action":"DoCompareDataConsistency requsted types: ", "result":"Bookmarks, Preferences, Passwords, Extensions, Extension settings, History Delete Directives, Send Tab To Self, Web Apps, History, Saved Tab Group, WebAuthn Credentials, Edge Workspace, Encryption Keys"}
{"logTime": "0913/045342", "correlationVector":"TxzvuXOu7l7Ju2gZyCNpXT.0","action":"CompareDataConsistency result: ", "result":"Compare result: Encryption Keys is consistent. local entities count is: 1 local entities hash is: CtWdBYtuDr1Lek7vsF9xYXX9OXI="}
{"logTime": "0913/045342", "correlationVector":"TxzvuXOu7l7Ju2gZyCNpXT.1","action":"CompareDataConsistency result: ", "result":"Compare result: Bookmarks is consistent. local entities count is: 5 local entities hash is: V77huutHZHA+2MwuiMZ886UXUjs="}
{"logTime": "0913/045342", "correlationVector":"TxzvuXOu7l7Ju2gZyCNpXT.2","action":"CompareDataConsistency result: ", "result":"Compare result: Preferences is consistent. local entities count is: 73 local entities hash is: CNGGrHW0MkWE+lhkIwZu2JG8nWQ="}
{"logTime": "0913/045342", "correlationVector":"TxzvuXOu7l7Ju2gZyCNpXT.3","action":"CompareDataConsistency result: ", "result":"Compare result: Extensions is consistent. local entities count is: 0 local entities hash is: "}
{"logTime": "0913/045342", "correlationVector":"TxzvuXOu7l7Ju2gZyCNpXT.4","action":"CompareDataConsistency result: ", "result":"Compare result: Extension settings is consistent. local entities count is: 0 local entities hash is: "}
{"logTime": "0913/045342", "correlationVector":"TxzvuXOu7l7Ju2gZyCNpXT.5","action":"CompareDataConsistency result: ", "result":"Compare result: History Delete Directives is consistent. local entities count is: 0 local entities hash is: "}
{"logTime": "0913/045342", "correlationVector":"TxzvuXOu7l7Ju2gZyCNpXT.6","action":"CompareDataConsistency result: ", "result":"Server did not send this Send Tab To Self local entities count is: 0 local entities hash is: "}
{"logTime": "0913/045342", "correlationVector":"TxzvuXOu7l7Ju2gZyCNpXT.7","action":"CompareDataConsistency result: ", "result":"Compare result: Web Apps is consistent. local entities count is: 0 local entities hash is: "}
{"logTime": "0913/045342", "correlationVector":"TxzvuXOu7l7Ju2gZyCNpXT.8","action":"CompareDataConsistency result: ", "result":"Server did not send this History local entities count is: 0 local entities hash is: "}
{"logTime": "0913/045342", "correlationVector":"TxzvuXOu7l7Ju2gZyCNpXT.9","action":"CompareDataConsistency result: ", "result":"Compare result: Saved Tab Group is consistent. local entities count is: 0 local entities hash is: "}
{"logTime": "0913/045342", "correlationVector":"TxzvuXOu7l7Ju2gZyCNpXT.10","action":"CompareDataConsistency result: ", "result":"Server did not send this WebAuthn Credentials local entities count is: 0 local entities hash is: "}
{"logTime": "0913/045342", "correlationVector":"TxzvuXOu7l7Ju2gZyCNpXT.11","action":"CompareDataConsistency result: ", "result":"Server did not send this Edge Workspace local entities count is: 0 local entities hash is: "}
{"logTime": "0913/045342", "correlationVector":"TxzvuXOu7l7Ju2gZyCNpXT.12","action":"CompareDataConsistency result: ", "result":"Compare result: Passwords is consistent. local entities count is: 77 local entities hash is: 32kCySov8jufXeHMtYVmzGoOymE="}
{"logTime": "0913/045342", "correlationVector":"cbbzzU4xjvbulpptxt21dA","action":"Commit Request", "result":"", "context":Item count: 4
Contributing types: Sessions, Device Info, User Consents}
{"logTime": "0913/045344", "correlationVector":"cbbzzU4xjvbulpptxt21dA.1","action":"SyncServerConnectionManagerRequest", "result":"SYNC_SERVER_OK", "context":{"environment":"Prod_southeastasia_prod-s01-064-apac-southeastasia", "migrationStage":"NotStarted", "server":"akswtt003000003"}}
{"logTime": "0913/045344", "correlationVector":"cbbzzU4xjvbulpptxt21dA.2","action":"Commit Response", "result":"Success", "context":Result: Success. cV=cbbzzU4xjvbulpptxt21dA.0;server=akswtt003000003;cloudType=Consumer;environment=Prod_southeastasia_prod-s01-064-apac-southeastasia;migrationStage=NotStarted}
{"logTime": "0913/045344", "correlationVector":"","action":"DIAGNOSTIC_REQUEST|v1/diagnosticData/Diagnostic.SendCheckResult()|SUCCESS", "result":""}
{"logTime": "0913/045344", "correlationVector":"igURdhbxk9BxMfrNd0SVtw","action":"Commit Request", "result":"", "context":Item count: 1
Contributing types: Edge Hub App Usage}
{"logTime": "0913/045345", "correlationVector":"igURdhbxk9BxMfrNd0SVtw.1","action":"SyncServerConnectionManagerRequest", "result":"SYNC_SERVER_OK", "context":{"environment":"Prod_southeastasia_prod-s01-064-apac-southeastasia", "migrationStage":"NotStarted", "server":"akswtt003000032"}}
{"logTime": "0913/045345", "correlationVector":"igURdhbxk9BxMfrNd0SVtw.2","action":"Commit Response", "result":"Success", "context":Result: Success. cV=igURdhbxk9BxMfrNd0SVtw.0;server=akswtt003000032;cloudType=Consumer;environment=Prod_southeastasia_prod-s01-064-apac-southeastasia;migrationStage=NotStarted}
{"logTime": "0913/045346", "correlationVector":"zNNlbHywzN/lchEQ9jtgKb","action":"Normal GetUpdate request", "result":"", "context":cV=zNNlbHywzN/lchEQ9jtgKb
Notified types: Device Info}
{"logTime": "0913/045347", "correlationVector":"zNNlbHywzN/lchEQ9jtgKb.1","action":"SyncServerConnectionManagerRequest", "result":"SYNC_SERVER_OK", "context":{"environment":"Prod_southeastasia_prod-s01-064-apac-southeastasia", "migrationStage":"NotStarted", "server":"akswtt00300002v"}}
{"logTime": "0913/045347", "correlationVector":"zNNlbHywzN/lchEQ9jtgKb.2","action":"ProcessGetUpdates", "result":"Done", "context":{"dataType":"Sessions", "deleted":"0", "process_failed_to_decrypt":"0", "process_pending_decryption":"0", "process_success":"2", "total":"2"}}
{"logTime": "0913/045347", "correlationVector":"zNNlbHywzN/lchEQ9jtgKb.3","action":"ProcessGetUpdates", "result":"Done", "context":{"dataType":"Device Info", "deleted":"0", "process_failed_to_decrypt":"0", "process_pending_decryption":"0", "process_success":"2", "total":"2"}}
{"logTime": "0913/045347", "correlationVector":"zNNlbHywzN/lchEQ9jtgKb.4","action":"ProcessGetUpdates", "result":"Done", "context":{"dataType":"Edge Hub App Usage", "deleted":"0", "process_failed_to_decrypt":"0", "process_pending_decryption":"0", "process_success":"1", "total":"1"}}
{"logTime": "0913/045347", "correlationVector":"zNNlbHywzN/lchEQ9jtgKb.5","action":"GetUpdates Response", "result":"Success", "context":Received 5 update(s). cV=zNNlbHywzN/lchEQ9jtgKb.0;server=akswtt00300002v;cloudType=Consumer;environment=Prod_southeastasia_prod-s01-064-apac-southeastasia;migrationStage=NotStarted}
{"logTime": "0913/045348", "correlationVector":"WJkFheXNga6sh9VHUY3da1","action":"Normal GetUpdate request", "result":"", "context":cV=WJkFheXNga6sh9VHUY3da1
Nudged types: Sessions
Notified types: Preferences}
{"logTime": "0913/045348", "correlationVector":"WJkFheXNga6sh9VHUY3da1.1","action":"SyncServerConnectionManagerRequest", "result":"SYNC_SERVER_OK", "context":{"environment":"Prod_southeastasia_prod-s01-064-apac-southeastasia", "migrationStage":"NotStarted", "server":"akswtt00300000v"}}
{"logTime": "0913/045348", "correlationVector":"WJkFheXNga6sh9VHUY3da1.2","action":"ProcessGetUpdates", "result":"Done", "context":{"dataType":"Preferences", "deleted":"0", "process_failed_to_decrypt":"0", "process_pending_decryption":"0", "process_success":"1", "total":"1"}}
{"logTime": "0913/045348", "correlationVector":"WJkFheXNga6sh9VHUY3da1.3","action":"GetUpdates Response", "result":"Success", "context":Received 1 update(s). cV=WJkFheXNga6sh9VHUY3da1.0;server=akswtt00300000v;cloudType=Consumer;environment=Prod_southeastasia_prod-s01-064-apac-southeastasia;migrationStage=NotStarted}
{"logTime": "0913/045348", "correlationVector":"HK1Lz/he4w/cJfAhMtH1uD","action":"Commit Request", "result":"", "context":Item count: 2
Contributing types: Sessions, History}
{"logTime": "0913/045349", "correlationVector":"HK1Lz/he4w/cJfAhMtH1uD.1","action":"SyncServerConnectionManagerRequest", "result":"SYNC_SERVER_OK", "context":{"environment":"Prod_southeastasia_prod-s01-064-apac-southeastasia", "migrationStage":"NotStarted", "server":"akswtt00300003o"}}
{"logTime": "0913/045349", "correlationVector":"HK1Lz/he4w/cJfAhMtH1uD.2","action":"Commit Response", "result":"Success", "context":Result: Success. cV=HK1Lz/he4w/cJfAhMtH1uD.0;server=akswtt00300003o;cloudType=Consumer;environment=Prod_southeastasia_prod-s01-064-apac-southeastasia;migrationStage=NotStarted}
{"logTime": "0913/045411", "correlationVector":"fqUmL7iqubtEHviueOFhVO","action":"Commit Request", "result":"", "context":Item count: 40
Contributing types: Passwords}
{"logTime": "0913/045421", "correlationVector":"fqUmL7iqubtEHviueOFhVO.1","action":"SyncServerConnectionManagerRequest", "result":"SYNC_SERVER_OK", "context":{"environment":"Prod_southeastasia_prod-s01-064-apac-southeastasia", "migrationStage":"NotStarted", "server":"akswtt003000003"}}
{"logTime": "0913/045421", "correlationVector":"fqUmL7iqubtEHviueOFhVO.2","action":"Commit Response", "result":"Success", "context":Result: Success. cV=fqUmL7iqubtEHviueOFhVO.0;server=akswtt003000003;cloudType=Consumer;environment=Prod_southeastasia_prod-s01-064-apac-southeastasia;migrationStage=NotStarted}
{"logTime": "0913/045421", "correlationVector":"6T0JFD3Yoj0LmfJm5oBIKV","action":"Commit Request", "result":"", "context":Item count: 38
Contributing types: Passwords, Sessions}
{"logTime": "0913/045431", "correlationVector":"6T0JFD3Yoj0LmfJm5oBIKV.1","action":"SyncServerConnectionManagerRequest", "result":"SYNC_SERVER_OK", "context":{"environment":"Prod_southeastasia_prod-s01-064-apac-southeastasia", "migrationStage":"NotStarted", "server":"akswtt003000004"}}
{"logTime": "0913/045431", "correlationVector":"6T0JFD3Yoj0LmfJm5oBIKV.2","action":"Commit Response", "result":"Success", "context":Result: Success. cV=6T0JFD3Yoj0LmfJm5oBIKV.0;server=akswtt003000004;cloudType=Consumer;environment=Prod_southeastasia_prod-s01-064-apac-southeastasia;migrationStage=NotStarted}
{"logTime": "0913/045431", "correlationVector":"BSi0zqeMqV0XiTffnelh6J","action":"Normal GetUpdate request", "result":"", "context":cV=BSi0zqeMqV0XiTffnelh6J
Nudged types: Passwords
Notified types: Preferences, Device Info}
{"logTime": "0913/045432", "correlationVector":"BSi0zqeMqV0XiTffnelh6J.1","action":"SyncServerConnectionManagerRequest", "result":"SYNC_SERVER_OK", "context":{"environment":"Prod_southeastasia_prod-s01-064-apac-southeastasia", "migrationStage":"NotStarted", "server":"akswtt00300002x"}}
{"logTime": "0913/045432", "correlationVector":"BSi0zqeMqV0XiTffnelh6J.2","action":"ProcessGetUpdates", "result":"Done", "context":{"dataType":"Preferences", "deleted":"0", "process_failed_to_decrypt":"0", "process_pending_decryption":"0", "process_success":"1", "total":"1"}}
{"logTime": "0913/045432", "correlationVector":"BSi0zqeMqV0XiTffnelh6J.3","action":"ProcessGetUpdates", "result":"Done", "context":{"dataType":"Passwords", "deleted":"0", "process_failed_to_decrypt":"0", "process_pending_decryption":"0", "process_success":"77", "total":"77"}}
{"logTime": "0913/045432", "correlationVector":"BSi0zqeMqV0XiTffnelh6J.4","action":"ProcessGetUpdates", "result":"Done", "context":{"dataType":"Sessions", "deleted":"0", "process_failed_to_decrypt":"0", "process_pending_decryption":"0", "process_success":"1", "total":"1"}}
{"logTime": "0913/045432", "correlationVector":"BSi0zqeMqV0XiTffnelh6J.5","action":"ProcessGetUpdates", "result":"Done", "context":{"dataType":"Device Info", "deleted":"0", "process_failed_to_decrypt":"0", "process_pending_decryption":"0", "process_success":"1", "total":"1"}}
{"logTime": "0913/045432", "correlationVector":"BSi0zqeMqV0XiTffnelh6J.6","action":"ProcessGetUpdates", "result":"Done", "context":{"dataType":"History", "deleted":"0", "process_failed_to_decrypt":"0", "process_pending_decryption":"0", "process_success":"1", "total":"1"}}
{"logTime": "0913/045432", "correlationVector":"BSi0zqeMqV0XiTffnelh6J.7","action":"GetUpdates Response", "result":"Success", "context":Received 81 update(s). cV=BSi0zqeMqV0XiTffnelh6J.0;server=akswtt00300002x;cloudType=Consumer;environment=Prod_southeastasia_prod-s01-064-apac-southeastasia;migrationStage=NotStarted}
{"logTime": "0913/045448", "correlationVector":"1/t5yf/ZuNEGE6j9EHJyrR","action":"Normal GetUpdate request", "result":"", "context":cV=1/t5yf/ZuNEGE6j9EHJyrR
Notified types: Device Info}
{"logTime": "0913/045449", "correlationVector":"1/t5yf/ZuNEGE6j9EHJyrR.1","action":"SyncServerConnectionManagerRequest", "result":"SYNC_SERVER_OK", "context":{"environment":"Prod_southeastasia_prod-s01-064-apac-southeastasia", "migrationStage":"NotStarted", "server":"akswtt00300002y"}}
{"logTime": "0913/045449", "correlationVector":"1/t5yf/ZuNEGE6j9EHJyrR.2","action":"ProcessGetUpdates", "result":"Done", "context":{"dataType":"Device Info", "deleted":"0", "process_failed_to_decrypt":"0", "process_pending_decryption":"0", "process_success":"1", "total":"1"}}
{"logTime": "0913/045449", "correlationVector":"1/t5yf/ZuNEGE6j9EHJyrR.3","action":"GetUpdates Response", "result":"Success", "context":Received 1 update(s). cV=1/t5yf/ZuNEGE6j9EHJyrR.0;server=akswtt00300002y;cloudType=Consumer;environment=Prod_southeastasia_prod-s01-064-apac-southeastasia;migrationStage=NotStarted}
{"logTime": "0913/045452", "correlationVector":"dm25D0F9nefDoLI7wh6Psa","action":"Normal GetUpdate request", "result":"", "context":cV=dm25D0F9nefDoLI7wh6Psa
Notified types: Preferences}
{"logTime": "0913/045452", "correlationVector":"dm25D0F9nefDoLI7wh6Psa.1","action":"SyncServerConnectionManagerRequest", "result":"SYNC_SERVER_OK", "context":{"environment":"Prod_southeastasia_prod-s01-064-apac-southeastasia", "migrationStage":"NotStarted", "server":"akswtt00300000m"}}
{"logTime": "0913/045452", "correlationVector":"dm25D0F9nefDoLI7wh6Psa.2","action":"ProcessGetUpdates", "result":"Done", "context":{"dataType":"Preferences", "deleted":"0", "process_failed_to_decrypt":"0", "process_pending_decryption":"0", "process_success":"1", "total":"1"}}
{"logTime": "0913/045452", "correlationVector":"dm25D0F9nefDoLI7wh6Psa.3","action":"GetUpdates Response", "result":"Success", "context":Received 1 update(s). cV=dm25D0F9nefDoLI7wh6Psa.0;server=akswtt00300000m;cloudType=Consumer;environment=Prod_southeastasia_prod-s01-064-apac-southeastasia;migrationStage=NotStarted}
{"logTime": "0913/045534", "correlationVector":"xMXqCQEMLZHNjH3ARykAz+","action":"Normal GetUpdate request", "result":"", "context":cV=xMXqCQEMLZHNjH3ARykAz+
Notified types: Device Info}
{"logTime": "0913/045534", "correlationVector":"xMXqCQEMLZHNjH3ARykAz+.1","action":"SyncServerConnectionManagerRequest", "result":"SYNC_SERVER_OK", "context":{"environment":"Prod_southeastasia_prod-s01-064-apac-southeastasia", "migrationStage":"NotStarted", "server":"akswtt00300004x"}}
{"logTime": "0913/045534", "correlationVector":"xMXqCQEMLZHNjH3ARykAz+.2","action":"ProcessGetUpdates", "result":"Done", "context":{"dataType":"Device Info", "deleted":"0", "process_failed_to_decrypt":"0", "process_pending_decryption":"0", "process_success":"1", "total":"1"}}
{"logTime": "0913/045534", "correlationVector":"xMXqCQEMLZHNjH3ARykAz+.3","action":"GetUpdates Response", "result":"Success", "context":Received 1 update(s). cV=xMXqCQEMLZHNjH3ARykAz+.0;server=akswtt00300004x;cloudType=Consumer;environment=Prod_southeastasia_prod-s01-064-apac-southeastasia;migrationStage=NotStarted}
{"logTime": "0913/045536", "correlationVector":"vskTIZ3rJEQ6gSWg7aTByK","action":"Normal GetUpdate request", "result":"", "context":cV=vskTIZ3rJEQ6gSWg7aTByK
Notified types: Preferences}
{"logTime": "0913/045537", "correlationVector":"vskTIZ3rJEQ6gSWg7aTByK.1","action":"SyncServerConnectionManagerRequest", "result":"SYNC_SERVER_OK", "context":{"environment":"Prod_southeastasia_prod-s01-064-apac-southeastasia", "migrationStage":"NotStarted", "server":"akswtt00300003k"}}
{"logTime": "0913/045537", "correlationVector":"vskTIZ3rJEQ6gSWg7aTByK.2","action":"ProcessGetUpdates", "result":"Done", "context":{"dataType":"Preferences", "deleted":"0", "process_failed_to_decrypt":"0", "process_pending_decryption":"0", "process_success":"1", "total":"1"}}
{"logTime": "0913/045537", "correlationVector":"vskTIZ3rJEQ6gSWg7aTByK.3","action":"GetUpdates Response", "result":"Success", "context":Received 1 update(s). cV=vskTIZ3rJEQ6gSWg7aTByK.0;server=akswtt00300003k;cloudType=Consumer;environment=Prod_southeastasia_prod-s01-064-apac-southeastasia;migrationStage=NotStarted}
{"logTime": "0913/045543", "correlationVector":"s12yAdCVfxQvPonEkZXBGL","action":"Normal GetUpdate request", "result":"", "context":cV=s12yAdCVfxQvPonEkZXBGL
Notified types: Device Info}
{"logTime": "0913/045544", "correlationVector":"s12yAdCVfxQvPonEkZXBGL.1","action":"SyncServerConnectionManagerRequest", "result":"SYNC_SERVER_OK", "context":{"environment":"Prod_southeastasia_prod-s01-064-apac-southeastasia", "migrationStage":"NotStarted", "server":"akswtt00300002v"}}
{"logTime": "0913/045544", "correlationVector":"s12yAdCVfxQvPonEkZXBGL.2","action":"ProcessGetUpdates", "result":"Done", "context":{"dataType":"Device Info", "deleted":"0", "process_failed_to_decrypt":"0", "process_pending_decryption":"0", "process_success":"1", "total":"1"}}
{"logTime": "0913/045544", "correlationVector":"s12yAdCVfxQvPonEkZXBGL.3","action":"GetUpdates Response", "result":"Success", "context":Received 1 update(s). cV=s12yAdCVfxQvPonEkZXBGL.0;server=akswtt00300002v;cloudType=Consumer;environment=Prod_southeastasia_prod-s01-064-apac-southeastasia;migrationStage=NotStarted}
{"logTime": "0913/045546", "correlationVector":"kpbgXssk2/0Xu8ZRiVSeDp","action":"Normal GetUpdate request", "result":"", "context":cV=kpbgXssk2/0Xu8ZRiVSeDp
Notified types: Preferences}
{"logTime": "0913/045546", "correlationVector":"kpbgXssk2/0Xu8ZRiVSeDp.1","action":"SyncServerConnectionManagerRequest", "result":"SYNC_SERVER_OK", "context":{"environment":"Prod_southeastasia_prod-s01-064-apac-southeastasia", "migrationStage":"NotStarted", "server":"akswtt00300003k"}}
{"logTime": "0913/045546", "correlationVector":"kpbgXssk2/0Xu8ZRiVSeDp.2","action":"ProcessGetUpdates", "result":"Done", "context":{"dataType":"Preferences", "deleted":"0", "process_failed_to_decrypt":"0", "process_pending_decryption":"0", "process_success":"1", "total":"1"}}
{"logTime": "0913/045546", "correlationVector":"kpbgXssk2/0Xu8ZRiVSeDp.3","action":"GetUpdates Response", "result":"Success", "context":Received 1 update(s). cV=kpbgXssk2/0Xu8ZRiVSeDp.0;server=akswtt00300003k;cloudType=Consumer;environment=Prod_southeastasia_prod-s01-064-apac-southeastasia;migrationStage=NotStarted}
{"logTime": "0913/045553", "correlationVector":"ZUxYopKFuVXJ9e+Hdc+aXg","action":"Normal GetUpdate request", "result":"", "context":cV=ZUxYopKFuVXJ9e+Hdc+aXg
Notified types: Device Info}
{"logTime": "0913/045554", "correlationVector":"ZUxYopKFuVXJ9e+Hdc+aXg.1","action":"SyncServerConnectionManagerRequest", "result":"SYNC_SERVER_OK", "context":{"environment":"Prod_southeastasia_prod-s01-064-apac-southeastasia", "migrationStage":"NotStarted", "server":"akswtt003000031"}}
{"logTime": "0913/045554", "correlationVector":"ZUxYopKFuVXJ9e+Hdc+aXg.2","action":"ProcessGetUpdates", "result":"Done", "context":{"dataType":"Device Info", "deleted":"0", "process_failed_to_decrypt":"0", "process_pending_decryption":"0", "process_success":"1", "total":"1"}}
{"logTime": "0913/045554", "correlationVector":"ZUxYopKFuVXJ9e+Hdc+aXg.3","action":"GetUpdates Response", "result":"Success", "context":Received 1 update(s). cV=ZUxYopKFuVXJ9e+Hdc+aXg.0;server=akswtt003000031;cloudType=Consumer;environment=Prod_southeastasia_prod-s01-064-apac-southeastasia;migrationStage=NotStarted}
{"logTime": "0913/045556", "correlationVector":"ppETAyeybPq/G84HaskQ1m","action":"Normal GetUpdate request", "result":"", "context":cV=ppETAyeybPq/G84HaskQ1m
Notified types: Preferences}
{"logTime": "0913/045556", "correlationVector":"ppETAyeybPq/G84HaskQ1m.1","action":"SyncServerConnectionManagerRequest", "result":"SYNC_SERVER_OK", "context":{"environment":"Prod_southeastasia_prod-s01-064-apac-southeastasia", "migrationStage":"NotStarted", "server":"akswtt003000004"}}
{"logTime": "0913/045556", "correlationVector":"ppETAyeybPq/G84HaskQ1m.2","action":"ProcessGetUpdates", "result":"Done", "context":{"dataType":"Preferences", "deleted":"0", "process_failed_to_decrypt":"0", "process_pending_decryption":"0", "process_success":"1", "total":"1"}}
{"logTime": "0913/045556", "correlationVector":"ppETAyeybPq/G84HaskQ1m.3","action":"GetUpdates Response", "result":"Success", "context":Received 1 update(s). cV=ppETAyeybPq/G84HaskQ1m.0;server=akswtt003000004;cloudType=Consumer;environment=Prod_southeastasia_prod-s01-064-apac-southeastasia;migrationStage=NotStarted}
{"logTime": "0913/045603", "correlationVector":"CTt+o/w5rj+A6Egwzz4gH7","action":"Normal GetUpdate request", "result":"", "context":cV=CTt+o/w5rj+A6Egwzz4gH7
Notified types: Device Info}
{"logTime": "0913/045604", "correlationVector":"CTt+o/w5rj+A6Egwzz4gH7.1","action":"SyncServerConnectionManagerRequest", "result":"SYNC_SERVER_OK", "context":{"environment":"Prod_southeastasia_prod-s01-064-apac-southeastasia", "migrationStage":"NotStarted", "server":"akswtt003000032"}}
{"logTime": "0913/045604", "correlationVector":"CTt+o/w5rj+A6Egwzz4gH7.2","action":"ProcessGetUpdates", "result":"Done", "context":{"dataType":"Device Info", "deleted":"0", "process_failed_to_decrypt":"0", "process_pending_decryption":"0", "process_success":"1", "total":"1"}}
{"logTime": "0913/045604", "correlationVector":"CTt+o/w5rj+A6Egwzz4gH7.3","action":"GetUpdates Response", "result":"Success", "context":Received 1 update(s). cV=CTt+o/w5rj+A6Egwzz4gH7.0;server=akswtt003000032;cloudType=Consumer;environment=Prod_southeastasia_prod-s01-064-apac-southeastasia;migrationStage=NotStarted}
{"logTime": "0913/045606", "correlationVector":"E4HYgwRk7dB81Y+eGGOZWK","action":"Normal GetUpdate request", "result":"", "context":cV=E4HYgwRk7dB81Y+eGGOZWK
Notified types: Preferences}
{"logTime": "0913/045606", "correlationVector":"E4HYgwRk7dB81Y+eGGOZWK.1","action":"SyncServerConnectionManagerRequest", "result":"SYNC_SERVER_OK", "context":{"environment":"Prod_southeastasia_prod-s01-064-apac-southeastasia", "migrationStage":"NotStarted", "server":"akswtt003000032"}}
{"logTime": "0913/045606", "correlationVector":"E4HYgwRk7dB81Y+eGGOZWK.2","action":"ProcessGetUpdates", "result":"Done", "context":{"dataType":"Preferences", "deleted":"0", "process_failed_to_decrypt":"0", "process_pending_decryption":"0", "process_success":"1", "total":"1"}}
{"logTime": "0913/045606", "correlationVector":"E4HYgwRk7dB81Y+eGGOZWK.3","action":"GetUpdates Response", "result":"Success", "context":Received 1 update(s). cV=E4HYgwRk7dB81Y+eGGOZWK.0;server=akswtt003000032;cloudType=Consumer;environment=Prod_southeastasia_prod-s01-064-apac-southeastasia;migrationStage=NotStarted}
{"logTime": "0913/045645", "correlationVector":"GnmrC83v/RnQOH3/b4EIT0","action":"Normal GetUpdate request", "result":"", "context":cV=GnmrC83v/RnQOH3/b4EIT0
Notified types: Device Info}
{"logTime": "0913/045645", "correlationVector":"GnmrC83v/RnQOH3/b4EIT0.1","action":"SyncServerConnectionManagerRequest", "result":"SYNC_SERVER_OK", "context":{"environment":"Prod_southeastasia_prod-s01-064-apac-southeastasia", "migrationStage":"NotStarted", "server":"akswtt003000032"}}
{"logTime": "0913/045645", "correlationVector":"GnmrC83v/RnQOH3/b4EIT0.2","action":"ProcessGetUpdates", "result":"Done", "context":{"dataType":"Device Info", "deleted":"0", "process_failed_to_decrypt":"0", "process_pending_decryption":"0", "process_success":"1", "total":"1"}}
{"logTime": "0913/045645", "correlationVector":"GnmrC83v/RnQOH3/b4EIT0.3","action":"GetUpdates Response", "result":"Success", "context":Received 1 update(s). cV=GnmrC83v/RnQOH3/b4EIT0.0;server=akswtt003000032;cloudType=Consumer;environment=Prod_southeastasia_prod-s01-064-apac-southeastasia;migrationStage=NotStarted}
{"logTime": "0913/045647", "correlationVector":"AjYykxMFhoVB6lfLBaYokU","action":"Normal GetUpdate request", "result":"", "context":cV=AjYykxMFhoVB6lfLBaYokU
Notified types: Preferences}
{"logTime": "0913/045648", "correlationVector":"AjYykxMFhoVB6lfLBaYokU.1","action":"SyncServerConnectionManagerRequest", "result":"SYNC_SERVER_OK", "context":{"environment":"Prod_southeastasia_prod-s01-064-apac-southeastasia", "migrationStage":"NotStarted", "server":"akswtt00300000n"}}
{"logTime": "0913/045648", "correlationVector":"AjYykxMFhoVB6lfLBaYokU.2","action":"ProcessGetUpdates", "result":"Done", "context":{"dataType":"Preferences", "deleted":"0", "process_failed_to_decrypt":"0", "process_pending_decryption":"0", "process_success":"1", "total":"1"}}
{"logTime": "0913/045648", "correlationVector":"AjYykxMFhoVB6lfLBaYokU.3","action":"GetUpdates Response", "result":"Success", "context":Received 1 update(s). cV=AjYykxMFhoVB6lfLBaYokU.0;server=akswtt00300000n;cloudType=Consumer;environment=Prod_southeastasia_prod-s01-064-apac-southeastasia;migrationStage=NotStarted}
{"logTime": "0913/045654", "correlationVector":"wmeMzRt16jE08Qwr1kIgJt","action":"Normal GetUpdate request", "result":"", "context":cV=wmeMzRt16jE08Qwr1kIgJt
Notified types: Device Info}
{"logTime": "0913/045655", "correlationVector":"wmeMzRt16jE08Qwr1kIgJt.1","action":"SyncServerConnectionManagerRequest", "result":"SYNC_SERVER_OK", "context":{"environment":"Prod_southeastasia_prod-s01-064-apac-southeastasia", "migrationStage":"NotStarted", "server":"akswtt00300002f"}}
{"logTime": "0913/045655", "correlationVector":"wmeMzRt16jE08Qwr1kIgJt.2","action":"ProcessGetUpdates", "result":"Done", "context":{"dataType":"Device Info", "deleted":"0", "process_failed_to_decrypt":"0", "process_pending_decryption":"0", "process_success":"1", "total":"1"}}
{"logTime": "0913/045655", "correlationVector":"wmeMzRt16jE08Qwr1kIgJt.3","action":"GetUpdates Response", "result":"Success", "context":Received 1 update(s). cV=wmeMzRt16jE08Qwr1kIgJt.0;server=akswtt00300002f;cloudType=Consumer;environment=Prod_southeastasia_prod-s01-064-apac-southeastasia;migrationStage=NotStarted}
{"logTime": "0913/045657", "correlationVector":"t3Xlic6wnGWG3p7hrn/nVG","action":"Normal GetUpdate request", "result":"", "context":cV=t3Xlic6wnGWG3p7hrn/nVG
Notified types: Preferences}
{"logTime": "0913/045658", "correlationVector":"t3Xlic6wnGWG3p7hrn/nVG.1","action":"SyncServerConnectionManagerRequest", "result":"SYNC_SERVER_OK", "context":{"environment":"Prod_southeastasia_prod-s01-065-apac-southeastasia", "migrationStage":"NotStarted", "server":"akswtt003000031"}}
{"logTime": "0913/045658", "correlationVector":"t3Xlic6wnGWG3p7hrn/nVG.2","action":"ProcessGetUpdates", "result":"Done", "context":{"dataType":"Preferences", "deleted":"0", "process_failed_to_decrypt":"0", "process_pending_decryption":"0", "process_success":"1", "total":"1"}}
{"logTime": "0913/045658", "correlationVector":"t3Xlic6wnGWG3p7hrn/nVG.3","action":"GetUpdates Response", "result":"Success", "context":Received 1 update(s). cV=t3Xlic6wnGWG3p7hrn/nVG.0;server=akswtt003000031;cloudType=Consumer;environment=Prod_southeastasia_prod-s01-065-apac-southeastasia;migrationStage=NotStarted}
{"logTime": "0913/045704", "correlationVector":"s0qysXdsE11S6tfRaeGubg","action":"Normal GetUpdate request", "result":"", "context":cV=s0qysXdsE11S6tfRaeGubg
Notified types: Device Info}
{"logTime": "0913/045705", "correlationVector":"s0qysXdsE11S6tfRaeGubg.1","action":"SyncServerConnectionManagerRequest", "result":"SYNC_SERVER_OK", "context":{"environment":"Prod_southeastasia_prod-s01-065-apac-southeastasia", "migrationStage":"NotStarted", "server":"akswtt00300000a"}}
{"logTime": "0913/045705", "correlationVector":"s0qysXdsE11S6tfRaeGubg.2","action":"ProcessGetUpdates", "result":"Done", "context":{"dataType":"Device Info", "deleted":"0", "process_failed_to_decrypt":"0", "process_pending_decryption":"0", "process_success":"1", "total":"1"}}
{"logTime": "0913/045705", "correlationVector":"s0qysXdsE11S6tfRaeGubg.3","action":"GetUpdates Response", "result":"Success", "context":Received 1 update(s). cV=s0qysXdsE11S6tfRaeGubg.0;server=akswtt00300000a;cloudType=Consumer;environment=Prod_southeastasia_prod-s01-065-apac-southeastasia;migrationStage=NotStarted}
{"logTime": "0913/045827", "correlationVector":"tkYN6pOeD8ppRFzaBAGk7P","action":"Normal GetUpdate request", "result":"", "context":cV=tkYN6pOeD8ppRFzaBAGk7P
Notified types: History}
{"logTime": "0913/045828", "correlationVector":"tkYN6pOeD8ppRFzaBAGk7P.1","action":"SyncServerConnectionManagerRequest", "result":"SYNC_SERVER_OK", "context":{"environment":"Prod_southeastasia_prod-s01-065-apac-southeastasia", "migrationStage":"NotStarted", "server":"akswtt003000006"}}
{"logTime": "0913/045828", "correlationVector":"tkYN6pOeD8ppRFzaBAGk7P.2","action":"ProcessGetUpdates", "result":"Done", "context":{"dataType":"Sessions", "deleted":"0", "process_failed_to_decrypt":"0", "process_pending_decryption":"0", "process_success":"2", "total":"2"}}
{"logTime": "0913/045828", "correlationVector":"tkYN6pOeD8ppRFzaBAGk7P.3","action":"ProcessGetUpdates", "result":"Done", "context":{"dataType":"History", "deleted":"0", "process_failed_to_decrypt":"0", "process_pending_decryption":"0", "process_success":"1", "total":"1"}}
{"logTime": "0913/045828", "correlationVector":"tkYN6pOeD8ppRFzaBAGk7P.4","action":"GetUpdates Response", "result":"Success", "context":Received 3 update(s). cV=tkYN6pOeD8ppRFzaBAGk7P.0;server=akswtt003000006;cloudType=Consumer;environment=Prod_southeastasia_prod-s01-065-apac-southeastasia;migrationStage=NotStarted}
{"logTime": "0913/045856", "correlationVector":"VdTKP4c4HTjuDAzfN6sEU0","action":"Normal GetUpdate request", "result":"", "context":cV=VdTKP4c4HTjuDAzfN6sEU0
Notified types: Device Info}
{"logTime": "0913/045856", "correlationVector":"VdTKP4c4HTjuDAzfN6sEU0.1","action":"SyncServerConnectionManagerRequest", "result":"SYNC_SERVER_OK", "context":{"environment":"Prod_southeastasia_prod-s01-065-apac-southeastasia", "migrationStage":"NotStarted", "server":"akswtt003000001"}}
{"logTime": "0913/045856", "correlationVector":"VdTKP4c4HTjuDAzfN6sEU0.2","action":"ProcessGetUpdates", "result":"Done", "context":{"dataType":"Device Info", "deleted":"0", "process_failed_to_decrypt":"0", "process_pending_decryption":"0", "process_success":"1", "total":"1"}}
{"logTime": "0913/045856", "correlationVector":"VdTKP4c4HTjuDAzfN6sEU0.3","action":"GetUpdates Response", "result":"Success", "context":Received 1 update(s). cV=VdTKP4c4HTjuDAzfN6sEU0.0;server=akswtt003000001;cloudType=Consumer;environment=Prod_southeastasia_prod-s01-065-apac-southeastasia;migrationStage=NotStarted}
{"logTime": "0913/045858", "correlationVector":"zkwZ8qPg4JytlUo4VsXPre","action":"Normal GetUpdate request", "result":"", "context":cV=zkwZ8qPg4JytlUo4VsXPre
Notified types: Preferences}
{"logTime": "0913/045859", "correlationVector":"zkwZ8qPg4JytlUo4VsXPre.1","action":"SyncServerConnectionManagerRequest", "result":"SYNC_SERVER_OK", "context":{"environment":"Prod_southeastasia_prod-s01-065-apac-southeastasia", "migrationStage":"NotStarted", "server":"akswtt00300000a"}}
{"logTime": "0913/045859", "correlationVector":"zkwZ8qPg4JytlUo4VsXPre.2","action":"ProcessGetUpdates", "result":"Done", "context":{"dataType":"Preferences", "deleted":"0", "process_failed_to_decrypt":"0", "process_pending_decryption":"0", "process_success":"1", "total":"1"}}
{"logTime": "0913/045859", "correlationVector":"zkwZ8qPg4JytlUo4VsXPre.3","action":"GetUpdates Response", "result":"Success", "context":Received 1 update(s). cV=zkwZ8qPg4JytlUo4VsXPre.0;server=akswtt00300000a;cloudType=Consumer;environment=Prod_southeastasia_prod-s01-065-apac-southeastasia;migrationStage=NotStarted}
{"logTime": "0913/045904", "correlationVector":"J/gbYkbHWMagby44lOx+gm","action":"Normal GetUpdate request", "result":"", "context":cV=J/gbYkbHWMagby44lOx+gm
Notified types: Device Info}
{"logTime": "0913/045904", "correlationVector":"J/gbYkbHWMagby44lOx+gm.1","action":"SyncServerConnectionManagerRequest", "result":"SYNC_SERVER_OK", "context":{"environment":"Prod_southeastasia_prod-s01-065-apac-southeastasia", "migrationStage":"NotStarted", "server":"akswtt003000023"}}
{"logTime": "0913/045904", "correlationVector":"J/gbYkbHWMagby44lOx+gm.2","action":"ProcessGetUpdates", "result":"Done", "context":{"dataType":"Device Info", "deleted":"0", "process_failed_to_decrypt":"0", "process_pending_decryption":"0", "process_success":"1", "total":"1"}}
{"logTime": "0913/045904", "correlationVector":"J/gbYkbHWMagby44lOx+gm.3","action":"GetUpdates Response", "result":"Success", "context":Received 1 update(s). cV=J/gbYkbHWMagby44lOx+gm.0;server=akswtt003000023;cloudType=Consumer;environment=Prod_southeastasia_prod-s01-065-apac-southeastasia;migrationStage=NotStarted}
{"logTime": "0913/045906", "correlationVector":"jIfj5lY3I8iZD7F1aMECBT","action":"Normal GetUpdate request", "result":"", "context":cV=jIfj5lY3I8iZD7F1aMECBT
Notified types: Preferences}
{"logTime": "0913/045907", "correlationVector":"jIfj5lY3I8iZD7F1aMECBT.1","action":"SyncServerConnectionManagerRequest", "result":"SYNC_SERVER_OK", "context":{"environment":"Prod_southeastasia_prod-s01-065-apac-southeastasia", "migrationStage":"NotStarted", "server":"akswtt00300000h"}}
{"logTime": "0913/045907", "correlationVector":"jIfj5lY3I8iZD7F1aMECBT.2","action":"ProcessGetUpdates", "result":"Done", "context":{"dataType":"Preferences", "deleted":"0", "process_failed_to_decrypt":"0", "process_pending_decryption":"0", "process_success":"1", "total":"1"}}
{"logTime": "0913/045907", "correlationVector":"jIfj5lY3I8iZD7F1aMECBT.3","action":"GetUpdates Response", "result":"Success", "context":Received 1 update(s). cV=jIfj5lY3I8iZD7F1aMECBT.0;server=akswtt00300000h;cloudType=Consumer;environment=Prod_southeastasia_prod-s01-065-apac-southeastasia;migrationStage=NotStarted}
{"logTime": "0913/045918", "correlationVector":"NavwuyUD/LwFxM2UWqYP41","action":"Normal GetUpdate request", "result":"", "context":cV=NavwuyUD/LwFxM2UWqYP41
Notified types: Device Info}
{"logTime": "0913/045918", "correlationVector":"NavwuyUD/LwFxM2UWqYP41.1","action":"SyncServerConnectionManagerRequest", "result":"SYNC_SERVER_OK", "context":{"environment":"Prod_southeastasia_prod-s01-065-apac-southeastasia", "migrationStage":"NotStarted", "server":"akswtt003000023"}}
{"logTime": "0913/045918", "correlationVector":"NavwuyUD/LwFxM2UWqYP41.2","action":"ProcessGetUpdates", "result":"Done", "context":{"dataType":"Device Info", "deleted":"0", "process_failed_to_decrypt":"0", "process_pending_decryption":"0", "process_success":"1", "total":"1"}}
{"logTime": "0913/045918", "correlationVector":"NavwuyUD/LwFxM2UWqYP41.3","action":"GetUpdates Response", "result":"Success", "context":Received 1 update(s). cV=NavwuyUD/LwFxM2UWqYP41.0;server=akswtt003000023;cloudType=Consumer;environment=Prod_southeastasia_prod-s01-065-apac-southeastasia;migrationStage=NotStarted}
{"logTime": "0913/045920", "correlationVector":"i/06nluXJ9EWTgM7jYbUhF","action":"Normal GetUpdate request", "result":"", "context":cV=i/06nluXJ9EWTgM7jYbUhF
Notified types: Preferences}
{"logTime": "0913/045921", "correlationVector":"i/06nluXJ9EWTgM7jYbUhF.1","action":"SyncServerConnectionManagerRequest", "result":"SYNC_SERVER_OK", "context":{"environment":"Prod_southeastasia_prod-s01-065-apac-southeastasia", "migrationStage":"NotStarted", "server":"akswtt003000023"}}
{"logTime": "0913/045921", "correlationVector":"i/06nluXJ9EWTgM7jYbUhF.2","action":"ProcessGetUpdates", "result":"Done", "context":{"dataType":"Preferences", "deleted":"0", "process_failed_to_decrypt":"0", "process_pending_decryption":"0", "process_success":"1", "total":"1"}}
{"logTime": "0913/045921", "correlationVector":"i/06nluXJ9EWTgM7jYbUhF.3","action":"GetUpdates Response", "result":"Success", "context":Received 1 update(s). cV=i/06nluXJ9EWTgM7jYbUhF.0;server=akswtt003000023;cloudType=Consumer;environment=Prod_southeastasia_prod-s01-065-apac-southeastasia;migrationStage=NotStarted}
{"logTime": "0913/045934", "correlationVector":"bzu6OslEmI1KUszvGY/iHi","action":"Normal GetUpdate request", "result":"", "context":cV=bzu6OslEmI1KUszvGY/iHi
Notified types: Device Info}
{"logTime": "0913/045934", "correlationVector":"bzu6OslEmI1KUszvGY/iHi.1","action":"SyncServerConnectionManagerRequest", "result":"SYNC_SERVER_OK", "context":{"environment":"Prod_southeastasia_prod-s01-065-apac-southeastasia", "migrationStage":"NotStarted", "server":"akswtt00300000b"}}
{"logTime": "0913/045934", "correlationVector":"bzu6OslEmI1KUszvGY/iHi.2","action":"ProcessGetUpdates", "result":"Done", "context":{"dataType":"Device Info", "deleted":"0", "process_failed_to_decrypt":"0", "process_pending_decryption":"0", "process_success":"1", "total":"1"}}
{"logTime": "0913/045934", "correlationVector":"bzu6OslEmI1KUszvGY/iHi.3","action":"GetUpdates Response", "result":"Success", "context":Received 1 update(s). cV=bzu6OslEmI1KUszvGY/iHi.0;server=akswtt00300000b;cloudType=Consumer;environment=Prod_southeastasia_prod-s01-065-apac-southeastasia;migrationStage=NotStarted}
{"logTime": "0913/045936", "correlationVector":"/SLjCAOQWD/+84Vb8IBhZq","action":"Normal GetUpdate request", "result":"", "context":cV=/SLjCAOQWD/+84Vb8IBhZq
Notified types: Preferences}
{"logTime": "0913/045937", "correlationVector":"/SLjCAOQWD/+84Vb8IBhZq.1","action":"SyncServerConnectionManagerRequest", "result":"SYNC_SERVER_OK", "context":{"environment":"Prod_southeastasia_prod-s01-065-apac-southeastasia", "migrationStage":"NotStarted", "server":"akswtt00300000b"}}
{"logTime": "0913/045937", "correlationVector":"/SLjCAOQWD/+84Vb8IBhZq.2","action":"ProcessGetUpdates", "result":"Done", "context":{"dataType":"Preferences", "deleted":"0", "process_failed_to_decrypt":"0", "process_pending_decryption":"0", "process_success":"1", "total":"1"}}
{"logTime": "0913/045937", "correlationVector":"/SLjCAOQWD/+84Vb8IBhZq.3","action":"GetUpdates Response", "result":"Success", "context":Received 1 update(s). cV=/SLjCAOQWD/+84Vb8IBhZq.0;server=akswtt00300000b;cloudType=Consumer;environment=Prod_southeastasia_prod-s01-065-apac-southeastasia;migrationStage=NotStarted}
{"logTime": "0913/050037", "correlationVector":"NCxFI11XRD+g2c5A9+i2Mt","action":"Commit Request", "result":"", "context":Item count: 1
Contributing types: Sessions}
{"logTime": "0913/050038", "correlationVector":"NCxFI11XRD+g2c5A9+i2Mt.1","action":"SyncServerConnectionManagerRequest", "result":"SYNC_SERVER_OK", "context":{"environment":"Prod_southeastasia_prod-s01-065-apac-southeastasia", "migrationStage":"NotStarted", "server":"akswtt00300002t"}}
{"logTime": "0913/050038", "correlationVector":"NCxFI11XRD+g2c5A9+i2Mt.2","action":"Commit Response", "result":"Success", "context":Result: Success. cV=NCxFI11XRD+g2c5A9+i2Mt.0;server=akswtt00300002t;cloudType=Consumer;environment=Prod_southeastasia_prod-s01-065-apac-southeastasia;migrationStage=NotStarted}
{"logTime": "0913/050125", "correlationVector":"4hnO/lgor+/1CNb2C5HMmg","action":"Normal GetUpdate request", "result":"", "context":cV=4hnO/lgor+/1CNb2C5HMmg
Notified types: History}
{"logTime": "0913/050125", "correlationVector":"4hnO/lgor+/1CNb2C5HMmg.1","action":"SyncServerConnectionManagerRequest", "result":"SYNC_SERVER_OK", "context":{"environment":"Prod_southeastasia_prod-s01-065-apac-southeastasia", "migrationStage":"NotStarted", "server":"akswtt00300004j"}}
{"logTime": "0913/050125", "correlationVector":"4hnO/lgor+/1CNb2C5HMmg.2","action":"ProcessGetUpdates", "result":"Done", "context":{"dataType":"Sessions", "deleted":"0", "process_failed_to_decrypt":"0", "process_pending_decryption":"0", "process_success":"1", "total":"1"}}
{"logTime": "0913/050125", "correlationVector":"4hnO/lgor+/1CNb2C5HMmg.3","action":"ProcessGetUpdates", "result":"Done", "context":{"dataType":"History", "deleted":"0", "process_failed_to_decrypt":"0", "process_pending_decryption":"0", "process_success":"1", "total":"1"}}
{"logTime": "0913/050125", "correlationVector":"4hnO/lgor+/1CNb2C5HMmg.4","action":"GetUpdates Response", "result":"Success", "context":Received 2 update(s). cV=4hnO/lgor+/1CNb2C5HMmg.0;server=akswtt00300004j;cloudType=Consumer;environment=Prod_southeastasia_prod-s01-065-apac-southeastasia;migrationStage=NotStarted}
